# pinned-through: 189
# generated-by: bin/check-destructive-migrations --full-scan
[add-not-null-no-default] ibl5/migrations/007_trade_queue_structured_data.sql:6
[add-not-null-no-default] ibl5/migrations/009_schema_optimization_audit.sql:43
[add-not-null-no-default] ibl5/migrations/009_schema_optimization_audit.sql:57
[add-not-null-no-default] ibl5/migrations/009_schema_optimization_audit.sql:62
[add-not-null-no-default] ibl5/migrations/009_schema_optimization_audit.sql:67
[add-not-null-no-default] ibl5/migrations/009_schema_optimization_audit.sql:72
[add-not-null-no-default] ibl5/migrations/009_schema_optimization_audit.sql:93
[add-not-null-no-default] ibl5/migrations/043_align_olympics_schemas.sql:7
[add-not-null-no-default] ibl5/migrations/043_align_olympics_schemas.sql:71
[add-not-null-no-default] ibl5/migrations/045_align_olympics_schemas.sql:15
[add-not-null-no-default] ibl5/migrations/045_align_olympics_schemas.sql:60
[delete-no-where] ibl5/migrations/078_add_awards_unique_keys.sql:11
[delete-no-where] ibl5/migrations/078_add_awards_unique_keys.sql:29
[delete-no-where] ibl5/migrations/080_add_boxscore_unique_constraints.sql:11
[delete-no-where] ibl5/migrations/089_cleanup_ibl_hist_archive_duplicates.sql:16
[delete-no-where] ibl5/migrations/127_clear_rcb_alltime_for_replace_semantics.sql:5
[delete-no-where] ibl5/migrations/127_clear_rcb_alltime_for_replace_semantics.sql:6
[drop-column] ibl5/migrations/007_trade_queue_structured_data.sql:6
[drop-column] ibl5/migrations/009_schema_optimization_audit.sql:81
[drop-column] ibl5/migrations/009_schema_optimization_audit.sql:87
[drop-column] ibl5/migrations/016_drop_formerly_known_as.sql:1
[drop-column] ibl5/migrations/035_drop_dead_tables.sql:4
[drop-column] ibl5/migrations/041_normalize_plr_teamname.sql:26
[drop-column] ibl5/migrations/043_align_olympics_schemas.sql:166
[drop-column] ibl5/migrations/043_align_olympics_schemas.sql:171
[drop-column] ibl5/migrations/043_align_olympics_schemas.sql:174
[drop-column] ibl5/migrations/043_align_olympics_schemas.sql:211
[drop-column] ibl5/migrations/049_sos_and_power_consolidation.sql:16
[drop-column] ibl5/migrations/049_sos_and_power_consolidation.sql:35
[drop-column] ibl5/migrations/052_drop_nuke_referer.sql:5
[drop-column] ibl5/migrations/060_fix_trade_queue_schema.sql:12
[drop-column] ibl5/migrations/062_rename_dc_active_to_dc_canPlayInGame.sql:5
[drop-column] ibl5/migrations/062_rename_dc_active_to_dc_canPlayInGame.sql:79
[drop-column] ibl5/migrations/121_snake_case_boxscore_and_schedule_columns.sql:108
[drop-column] ibl5/migrations/121_snake_case_boxscore_and_schedule_columns.sql:177
[drop-column] ibl5/migrations/121_snake_case_boxscore_and_schedule_columns.sql:252
[drop-column] ibl5/migrations/121_snake_case_boxscore_and_schedule_columns.sql:38
[drop-column] ibl5/migrations/188_retag_preseason_box_score_game_type.sql:34
[drop-column] ibl5/migrations/188_retag_preseason_box_score_game_type.sql:72
[drop-index] ibl5/migrations/009_schema_optimization_audit.sql:10
[drop-index] ibl5/migrations/009_schema_optimization_audit.sql:13
[drop-index] ibl5/migrations/009_schema_optimization_audit.sql:16
[drop-index] ibl5/migrations/009_schema_optimization_audit.sql:21
[drop-index] ibl5/migrations/009_schema_optimization_audit.sql:27
[drop-index] ibl5/migrations/041_normalize_plr_teamname.sql:25
[drop-index] ibl5/migrations/043_align_olympics_schemas.sql:123
[drop-index] ibl5/migrations/043_align_olympics_schemas.sql:180
[drop-index] ibl5/migrations/043_align_olympics_schemas.sql:63
[drop-index] ibl5/migrations/058_rename_active_to_on_depth_chart.sql:10
[drop-index] ibl5/migrations/058_rename_active_to_on_depth_chart.sql:11
[drop-index] ibl5/migrations/058_rename_active_to_on_depth_chart.sql:12
[drop-index] ibl5/migrations/059_rename_trade_info_from_to.sql:10
[drop-index] ibl5/migrations/059_rename_trade_info_from_to.sql:11
[drop-index] ibl5/migrations/087_add_retirement_year_to_jsb_retired_players.sql:4
[drop-index] ibl5/migrations/141_slow_query_hotspot_indexes.sql:38
[drop-table] ibl5/migrations/027_win_loss_views.sql:7
[drop-table] ibl5/migrations/027_win_loss_views.sql:8
[drop-table] ibl5/migrations/028_replace_stats_tables_with_views.sql:127
[drop-table] ibl5/migrations/028_replace_stats_tables_with_views.sql:169
[drop-table] ibl5/migrations/028_replace_stats_tables_with_views.sql:200
[drop-table] ibl5/migrations/028_replace_stats_tables_with_views.sql:233
[drop-table] ibl5/migrations/028_replace_stats_tables_with_views.sql:267
[drop-table] ibl5/migrations/028_replace_stats_tables_with_views.sql:303
[drop-table] ibl5/migrations/028_replace_stats_tables_with_views.sql:336
[drop-table] ibl5/migrations/028_replace_stats_tables_with_views.sql:47
[drop-table] ibl5/migrations/028_replace_stats_tables_with_views.sql:87
[drop-table] ibl5/migrations/029_replace_autocounter_with_trade_offers.sql:16
[drop-table] ibl5/migrations/030_drop_team_history.sql:143
[drop-table] ibl5/migrations/035_drop_dead_tables.sql:12
[drop-table] ibl5/migrations/035_drop_dead_tables.sql:13
[drop-table] ibl5/migrations/035_drop_dead_tables.sql:14
[drop-table] ibl5/migrations/035_drop_dead_tables.sql:15
[drop-table] ibl5/migrations/035_drop_dead_tables.sql:16
[drop-table] ibl5/migrations/035_drop_dead_tables.sql:17
[drop-table] ibl5/migrations/035_drop_dead_tables.sql:18
[drop-table] ibl5/migrations/035_drop_dead_tables.sql:19
[drop-table] ibl5/migrations/035_drop_dead_tables.sql:20
[drop-table] ibl5/migrations/035_drop_dead_tables.sql:21
[drop-table] ibl5/migrations/035_drop_dead_tables.sql:22
[drop-table] ibl5/migrations/035_drop_dead_tables.sql:23
[drop-table] ibl5/migrations/035_drop_dead_tables.sql:24
[drop-table] ibl5/migrations/035_drop_dead_tables.sql:25
[drop-table] ibl5/migrations/035_drop_dead_tables.sql:26
[drop-table] ibl5/migrations/035_drop_dead_tables.sql:27
[drop-table] ibl5/migrations/035_drop_dead_tables.sql:30
[drop-table] ibl5/migrations/035_drop_dead_tables.sql:31
[drop-table] ibl5/migrations/035_drop_dead_tables.sql:32
[drop-table] ibl5/migrations/035_drop_dead_tables.sql:33
[drop-table] ibl5/migrations/035_drop_dead_tables.sql:34
[drop-table] ibl5/migrations/035_drop_dead_tables.sql:35
[drop-table] ibl5/migrations/035_drop_dead_tables.sql:36
[drop-table] ibl5/migrations/035_drop_dead_tables.sql:7
[drop-table] ibl5/migrations/035_drop_dead_tables.sql:8
[drop-table] ibl5/migrations/035_drop_dead_tables.sql:9
[drop-table] ibl5/migrations/050_drop_legacy_nuke_tables.sql:10
[drop-table] ibl5/migrations/050_drop_legacy_nuke_tables.sql:11
[drop-table] ibl5/migrations/050_drop_legacy_nuke_tables.sql:12
[drop-table] ibl5/migrations/050_drop_legacy_nuke_tables.sql:5
[drop-table] ibl5/migrations/050_drop_legacy_nuke_tables.sql:6
[drop-table] ibl5/migrations/050_drop_legacy_nuke_tables.sql:7
[drop-table] ibl5/migrations/050_drop_legacy_nuke_tables.sql:8
[drop-table] ibl5/migrations/050_drop_legacy_nuke_tables.sql:9
[drop-table] ibl5/migrations/051_drop_remaining_nuke_tables.sql:4
[drop-table] ibl5/migrations/051_drop_remaining_nuke_tables.sql:5
[drop-table] ibl5/migrations/051_drop_remaining_nuke_tables.sql:6
[drop-table] ibl5/migrations/051_drop_remaining_nuke_tables.sql:7
[drop-table] ibl5/migrations/051_drop_remaining_nuke_tables.sql:8
[drop-table] ibl5/migrations/052_drop_nuke_referer.sql:4
[drop-table] ibl5/migrations/070_drop_nuke_session.sql:4
[drop-table] ibl5/migrations/071_drop_dead_nuke_tables.sql:10
[drop-table] ibl5/migrations/071_drop_dead_nuke_tables.sql:11
[drop-table] ibl5/migrations/071_drop_dead_nuke_tables.sql:7
[drop-table] ibl5/migrations/071_drop_dead_nuke_tables.sql:8
[drop-table] ibl5/migrations/071_drop_dead_nuke_tables.sql:9
[drop-table] ibl5/migrations/072_drop_ipban_tables.sql:5
[drop-table] ibl5/migrations/072_drop_ipban_tables.sql:6
[drop-table] ibl5/migrations/073_drop_nuke_comments.sql:4
[drop-table] ibl5/migrations/074_drop_nuke_modules.sql:1
[drop-table] ibl5/migrations/088_replace_ibl_hist_with_view.sql:13
[drop-table] ibl5/migrations/102_drop_nuke_users.sql:7
[drop-table] ibl5/migrations/108_drop_ibl_hist_archive.sql:145
[drop-table] ibl5/migrations/126_drop_analytics_tables.sql:4
[drop-table] ibl5/migrations/126_drop_analytics_tables.sql:5
[narrow-type] ibl5/migrations/001_critical_improvements.sql:276
[narrow-type] ibl5/migrations/001_critical_improvements.sql:276
[narrow-type] ibl5/migrations/001_critical_improvements.sql:285
[narrow-type] ibl5/migrations/001_critical_improvements.sql:285
[narrow-type] ibl5/migrations/001_critical_improvements.sql:285
[narrow-type] ibl5/migrations/004_data_type_refinements.sql:110
[narrow-type] ibl5/migrations/004_data_type_refinements.sql:110
[narrow-type] ibl5/migrations/004_data_type_refinements.sql:110
[narrow-type] ibl5/migrations/004_data_type_refinements.sql:162
[narrow-type] ibl5/migrations/004_data_type_refinements.sql:162
[narrow-type] ibl5/migrations/004_data_type_refinements.sql:162
[narrow-type] ibl5/migrations/004_data_type_refinements.sql:180
[narrow-type] ibl5/migrations/004_data_type_refinements.sql:180
[narrow-type] ibl5/migrations/004_data_type_refinements.sql:202
[narrow-type] ibl5/migrations/004_data_type_refinements.sql:202
[narrow-type] ibl5/migrations/004_data_type_refinements.sql:202
[narrow-type] ibl5/migrations/004_data_type_refinements.sql:202
[narrow-type] ibl5/migrations/004_data_type_refinements.sql:202
[narrow-type] ibl5/migrations/004_data_type_refinements.sql:202
[narrow-type] ibl5/migrations/004_data_type_refinements.sql:202
[narrow-type] ibl5/migrations/004_data_type_refinements.sql:202
[narrow-type] ibl5/migrations/004_data_type_refinements.sql:202
[narrow-type] ibl5/migrations/004_data_type_refinements.sql:202
[narrow-type] ibl5/migrations/004_data_type_refinements.sql:202
[narrow-type] ibl5/migrations/004_data_type_refinements.sql:218
[narrow-type] ibl5/migrations/004_data_type_refinements.sql:218
[narrow-type] ibl5/migrations/004_data_type_refinements.sql:218
[narrow-type] ibl5/migrations/004_data_type_refinements.sql:218
[narrow-type] ibl5/migrations/004_data_type_refinements.sql:218
[narrow-type] ibl5/migrations/004_data_type_refinements.sql:218
[narrow-type] ibl5/migrations/004_data_type_refinements.sql:218
[narrow-type] ibl5/migrations/004_data_type_refinements.sql:218
[narrow-type] ibl5/migrations/004_data_type_refinements.sql:218
[narrow-type] ibl5/migrations/004_data_type_refinements.sql:218
[narrow-type] ibl5/migrations/004_data_type_refinements.sql:218
[narrow-type] ibl5/migrations/004_data_type_refinements.sql:218
[narrow-type] ibl5/migrations/004_data_type_refinements.sql:218
[narrow-type] ibl5/migrations/004_data_type_refinements.sql:218
[narrow-type] ibl5/migrations/004_data_type_refinements.sql:255
[narrow-type] ibl5/migrations/004_data_type_refinements.sql:255
[narrow-type] ibl5/migrations/004_data_type_refinements.sql:255
[narrow-type] ibl5/migrations/004_data_type_refinements.sql:255
[narrow-type] ibl5/migrations/004_data_type_refinements.sql:291
[narrow-type] ibl5/migrations/004_data_type_refinements.sql:291
[narrow-type] ibl5/migrations/004_data_type_refinements.sql:291
[narrow-type] ibl5/migrations/004_data_type_refinements.sql:339
[narrow-type] ibl5/migrations/004_data_type_refinements.sql:45
[narrow-type] ibl5/migrations/004_data_type_refinements.sql:519
[narrow-type] ibl5/migrations/004_data_type_refinements.sql:61
[narrow-type] ibl5/migrations/004_data_type_refinements.sql:61
[narrow-type] ibl5/migrations/004_data_type_refinements.sql:61
[narrow-type] ibl5/migrations/004_data_type_refinements.sql:76
[narrow-type] ibl5/migrations/004_data_type_refinements.sql:76
[narrow-type] ibl5/migrations/004_data_type_refinements.sql:76
[narrow-type] ibl5/migrations/004_data_type_refinements.sql:76
[narrow-type] ibl5/migrations/004_data_type_refinements.sql:76
[narrow-type] ibl5/migrations/004_data_type_refinements.sql:76
[narrow-type] ibl5/migrations/004_data_type_refinements.sql:76
[narrow-type] ibl5/migrations/004_data_type_refinements.sql:76
[narrow-type] ibl5/migrations/004_data_type_refinements.sql:76
[narrow-type] ibl5/migrations/004_data_type_refinements.sql:76
[narrow-type] ibl5/migrations/004_data_type_refinements.sql:89
[narrow-type] ibl5/migrations/009_schema_optimization_audit.sql:242
[narrow-type] ibl5/migrations/009_schema_optimization_audit.sql:242
[narrow-type] ibl5/migrations/011_ibl_plr_type_corrections.sql:17
[narrow-type] ibl5/migrations/011_ibl_plr_type_corrections.sql:17
[narrow-type] ibl5/migrations/011_ibl_plr_type_corrections.sql:17
[narrow-type] ibl5/migrations/011_ibl_plr_type_corrections.sql:17
[narrow-type] ibl5/migrations/011_ibl_plr_type_corrections.sql:17
[narrow-type] ibl5/migrations/011_ibl_plr_type_corrections.sql:17
[narrow-type] ibl5/migrations/033b_widen_user_password_for_bcrypt.sql:5
[narrow-type] ibl5/migrations/034_add_column_comments.sql:116
[narrow-type] ibl5/migrations/034_add_column_comments.sql:172
[narrow-type] ibl5/migrations/034_add_column_comments.sql:182
[narrow-type] ibl5/migrations/034_add_column_comments.sql:183
[narrow-type] ibl5/migrations/034_add_column_comments.sql:198
[narrow-type] ibl5/migrations/034_add_column_comments.sql:200
[narrow-type] ibl5/migrations/034_add_column_comments.sql:274
[narrow-type] ibl5/migrations/034_add_column_comments.sql:328
[narrow-type] ibl5/migrations/034_add_column_comments.sql:341
[narrow-type] ibl5/migrations/034_add_column_comments.sql:344
[narrow-type] ibl5/migrations/034_add_column_comments.sql:351
[narrow-type] ibl5/migrations/034_add_column_comments.sql:352
[narrow-type] ibl5/migrations/034_add_column_comments.sql:353
[narrow-type] ibl5/migrations/034_add_column_comments.sql:354
[narrow-type] ibl5/migrations/034_add_column_comments.sql:355
[narrow-type] ibl5/migrations/034_add_column_comments.sql:356
[narrow-type] ibl5/migrations/034_add_column_comments.sql:371
[narrow-type] ibl5/migrations/034_add_column_comments.sql:388
[narrow-type] ibl5/migrations/034_add_column_comments.sql:389
[narrow-type] ibl5/migrations/034_add_column_comments.sql:390
[narrow-type] ibl5/migrations/034_add_column_comments.sql:391
[narrow-type] ibl5/migrations/034_add_column_comments.sql:392
[narrow-type] ibl5/migrations/034_add_column_comments.sql:393
[narrow-type] ibl5/migrations/034_add_column_comments.sql:40
[narrow-type] ibl5/migrations/034_add_column_comments.sql:404
[narrow-type] ibl5/migrations/034_add_column_comments.sql:413
[narrow-type] ibl5/migrations/034_add_column_comments.sql:414
[narrow-type] ibl5/migrations/034_add_column_comments.sql:415
[narrow-type] ibl5/migrations/034_add_column_comments.sql:416
[narrow-type] ibl5/migrations/034_add_column_comments.sql:42
[narrow-type] ibl5/migrations/034_add_column_comments.sql:421
[narrow-type] ibl5/migrations/034_add_column_comments.sql:422
[narrow-type] ibl5/migrations/034_add_column_comments.sql:427
[narrow-type] ibl5/migrations/034_add_column_comments.sql:428
[narrow-type] ibl5/migrations/034_add_column_comments.sql:433
[narrow-type] ibl5/migrations/034_add_column_comments.sql:436
[narrow-type] ibl5/migrations/034_add_column_comments.sql:439
[narrow-type] ibl5/migrations/034_add_column_comments.sql:44
[narrow-type] ibl5/migrations/034_add_column_comments.sql:440
[narrow-type] ibl5/migrations/034_add_column_comments.sql:442
[narrow-type] ibl5/migrations/034_add_column_comments.sql:443
[narrow-type] ibl5/migrations/034_add_column_comments.sql:444
[narrow-type] ibl5/migrations/034_add_column_comments.sql:445
[narrow-type] ibl5/migrations/034_add_column_comments.sql:446
[narrow-type] ibl5/migrations/034_add_column_comments.sql:447
[narrow-type] ibl5/migrations/034_add_column_comments.sql:448
[narrow-type] ibl5/migrations/034_add_column_comments.sql:45
[narrow-type] ibl5/migrations/034_add_column_comments.sql:469
[narrow-type] ibl5/migrations/034_add_column_comments.sql:47
[narrow-type] ibl5/migrations/034_add_column_comments.sql:472
[narrow-type] ibl5/migrations/034_add_column_comments.sql:473
[narrow-type] ibl5/migrations/034_add_column_comments.sql:477
[narrow-type] ibl5/migrations/034_add_column_comments.sql:478
[narrow-type] ibl5/migrations/034_add_column_comments.sql:48
[narrow-type] ibl5/migrations/034_add_column_comments.sql:488
[narrow-type] ibl5/migrations/034_add_column_comments.sql:489
[narrow-type] ibl5/migrations/034_add_column_comments.sql:490
[narrow-type] ibl5/migrations/034_add_column_comments.sql:491
[narrow-type] ibl5/migrations/034_add_column_comments.sql:492
[narrow-type] ibl5/migrations/034_add_column_comments.sql:493
[narrow-type] ibl5/migrations/034_add_column_comments.sql:494
[narrow-type] ibl5/migrations/034_add_column_comments.sql:495
[narrow-type] ibl5/migrations/034_add_column_comments.sql:496
[narrow-type] ibl5/migrations/034_add_column_comments.sql:53
[narrow-type] ibl5/migrations/034_add_column_comments.sql:55
[narrow-type] ibl5/migrations/034_add_column_comments.sql:56
[narrow-type] ibl5/migrations/034_add_column_comments.sql:57
[narrow-type] ibl5/migrations/034_add_column_comments.sql:60
[narrow-type] ibl5/migrations/034_add_column_comments.sql:61
[narrow-type] ibl5/migrations/034_add_column_comments.sql:62
[narrow-type] ibl5/migrations/034_add_column_comments.sql:63
[narrow-type] ibl5/migrations/034_add_column_comments.sql:64
[narrow-type] ibl5/migrations/034_add_column_comments.sql:65
[narrow-type] ibl5/migrations/034_add_column_comments.sql:66
[narrow-type] ibl5/migrations/034_add_column_comments.sql:67
[narrow-type] ibl5/migrations/034_add_column_comments.sql:68
[narrow-type] ibl5/migrations/034_add_column_comments.sql:69
[narrow-type] ibl5/migrations/034_add_column_comments.sql:70
[narrow-type] ibl5/migrations/034_add_column_comments.sql:71
[narrow-type] ibl5/migrations/034_add_column_comments.sql:72
[narrow-type] ibl5/migrations/034_add_column_comments.sql:73
[narrow-type] ibl5/migrations/034_add_column_comments.sql:74
[narrow-type] ibl5/migrations/034_add_column_comments.sql:75
[narrow-type] ibl5/migrations/034_add_column_comments.sql:76
[narrow-type] ibl5/migrations/034_add_column_comments.sql:77
[narrow-type] ibl5/migrations/034_add_column_comments.sql:78
[narrow-type] ibl5/migrations/034_add_column_comments.sql:79
[narrow-type] ibl5/migrations/034_add_column_comments.sql:80
[narrow-type] ibl5/migrations/034_add_column_comments.sql:81
[narrow-type] ibl5/migrations/034_add_column_comments.sql:82
[narrow-type] ibl5/migrations/034_add_column_comments.sql:83
[narrow-type] ibl5/migrations/034_add_column_comments.sql:84
[narrow-type] ibl5/migrations/034_add_column_comments.sql:85
[narrow-type] ibl5/migrations/034_add_column_comments.sql:86
[narrow-type] ibl5/migrations/034_add_column_comments.sql:87
[narrow-type] ibl5/migrations/043_align_olympics_schemas.sql:111
[narrow-type] ibl5/migrations/043_align_olympics_schemas.sql:111
[narrow-type] ibl5/migrations/058_rename_active_to_on_depth_chart.sql:7
[narrow-type] ibl5/migrations/059_rename_trade_info_from_to.sql:6
[narrow-type] ibl5/migrations/059_rename_trade_info_from_to.sql:7
[narrow-type] ibl5/migrations/062_rename_dc_active_to_dc_canPlayInGame.sql:6
[narrow-type] ibl5/migrations/062_rename_dc_active_to_dc_canPlayInGame.sql:80
[narrow-type] ibl5/migrations/062_rename_dc_active_to_dc_canPlayInGame.sql:84
[narrow-type] ibl5/migrations/062_rename_dc_active_to_dc_canPlayInGame.sql:87
[narrow-type] ibl5/migrations/069_fix_missing_dc_canPlayInGame.sql:8
[narrow-type] ibl5/migrations/099_rename_gm_display_name.sql:7
[narrow-type] ibl5/migrations/114_unify_cross_table_column_names.sql:107
[narrow-type] ibl5/migrations/114_unify_cross_table_column_names.sql:111
[narrow-type] ibl5/migrations/114_unify_cross_table_column_names.sql:115
[narrow-type] ibl5/migrations/114_unify_cross_table_column_names.sql:119
[narrow-type] ibl5/migrations/114_unify_cross_table_column_names.sql:125
[narrow-type] ibl5/migrations/114_unify_cross_table_column_names.sql:141
[narrow-type] ibl5/migrations/114_unify_cross_table_column_names.sql:148
[narrow-type] ibl5/migrations/114_unify_cross_table_column_names.sql:155
[narrow-type] ibl5/migrations/114_unify_cross_table_column_names.sql:162
[narrow-type] ibl5/migrations/114_unify_cross_table_column_names.sql:162
[narrow-type] ibl5/migrations/114_unify_cross_table_column_names.sql:170
[narrow-type] ibl5/migrations/114_unify_cross_table_column_names.sql:177
[narrow-type] ibl5/migrations/114_unify_cross_table_column_names.sql:185
[narrow-type] ibl5/migrations/114_unify_cross_table_column_names.sql:185
[narrow-type] ibl5/migrations/114_unify_cross_table_column_names.sql:195
[narrow-type] ibl5/migrations/114_unify_cross_table_column_names.sql:195
[narrow-type] ibl5/migrations/114_unify_cross_table_column_names.sql:205
[narrow-type] ibl5/migrations/114_unify_cross_table_column_names.sql:205
[narrow-type] ibl5/migrations/114_unify_cross_table_column_names.sql:215
[narrow-type] ibl5/migrations/114_unify_cross_table_column_names.sql:215
[narrow-type] ibl5/migrations/114_unify_cross_table_column_names.sql:227
[narrow-type] ibl5/migrations/114_unify_cross_table_column_names.sql:227
[narrow-type] ibl5/migrations/114_unify_cross_table_column_names.sql:53
[narrow-type] ibl5/migrations/114_unify_cross_table_column_names.sql:56
[narrow-type] ibl5/migrations/114_unify_cross_table_column_names.sql:59
[narrow-type] ibl5/migrations/114_unify_cross_table_column_names.sql:66
[narrow-type] ibl5/migrations/114_unify_cross_table_column_names.sql:66
[narrow-type] ibl5/migrations/114_unify_cross_table_column_names.sql:70
[narrow-type] ibl5/migrations/114_unify_cross_table_column_names.sql:70
[narrow-type] ibl5/migrations/114_unify_cross_table_column_names.sql:74
[narrow-type] ibl5/migrations/114_unify_cross_table_column_names.sql:74
[narrow-type] ibl5/migrations/114_unify_cross_table_column_names.sql:78
[narrow-type] ibl5/migrations/114_unify_cross_table_column_names.sql:78
[narrow-type] ibl5/migrations/114_unify_cross_table_column_names.sql:96
[narrow-type] ibl5/migrations/114_unify_cross_table_column_names.sql:99
[narrow-type] ibl5/migrations/116_snake_case_player_columns.sql:110
[narrow-type] ibl5/migrations/116_snake_case_player_columns.sql:110
[narrow-type] ibl5/migrations/116_snake_case_player_columns.sql:110
[narrow-type] ibl5/migrations/116_snake_case_player_columns.sql:110
[narrow-type] ibl5/migrations/116_snake_case_player_columns.sql:110
[narrow-type] ibl5/migrations/116_snake_case_player_columns.sql:110
[narrow-type] ibl5/migrations/116_snake_case_player_columns.sql:122
[narrow-type] ibl5/migrations/116_snake_case_player_columns.sql:130
[narrow-type] ibl5/migrations/116_snake_case_player_columns.sql:133
[narrow-type] ibl5/migrations/116_snake_case_player_columns.sql:43
[narrow-type] ibl5/migrations/116_snake_case_player_columns.sql:43
[narrow-type] ibl5/migrations/116_snake_case_player_columns.sql:43
[narrow-type] ibl5/migrations/116_snake_case_player_columns.sql:43
[narrow-type] ibl5/migrations/116_snake_case_player_columns.sql:43
[narrow-type] ibl5/migrations/116_snake_case_player_columns.sql:43
[narrow-type] ibl5/migrations/116_snake_case_player_columns.sql:43
[narrow-type] ibl5/migrations/116_snake_case_player_columns.sql:43
[narrow-type] ibl5/migrations/116_snake_case_player_columns.sql:43
[narrow-type] ibl5/migrations/116_snake_case_player_columns.sql:43
[narrow-type] ibl5/migrations/116_snake_case_player_columns.sql:43
[narrow-type] ibl5/migrations/116_snake_case_player_columns.sql:43
[narrow-type] ibl5/migrations/116_snake_case_player_columns.sql:43
[narrow-type] ibl5/migrations/116_snake_case_player_columns.sql:64
[narrow-type] ibl5/migrations/116_snake_case_player_columns.sql:64
[narrow-type] ibl5/migrations/116_snake_case_player_columns.sql:64
[narrow-type] ibl5/migrations/116_snake_case_player_columns.sql:64
[narrow-type] ibl5/migrations/116_snake_case_player_columns.sql:64
[narrow-type] ibl5/migrations/116_snake_case_player_columns.sql:64
[narrow-type] ibl5/migrations/116_snake_case_player_columns.sql:64
[narrow-type] ibl5/migrations/116_snake_case_player_columns.sql:77
[narrow-type] ibl5/migrations/116_snake_case_player_columns.sql:77
[narrow-type] ibl5/migrations/116_snake_case_player_columns.sql:77
[narrow-type] ibl5/migrations/116_snake_case_player_columns.sql:77
[narrow-type] ibl5/migrations/116_snake_case_player_columns.sql:77
[narrow-type] ibl5/migrations/116_snake_case_player_columns.sql:77
[narrow-type] ibl5/migrations/116_snake_case_player_columns.sql:77
[narrow-type] ibl5/migrations/116_snake_case_player_columns.sql:77
[narrow-type] ibl5/migrations/116_snake_case_player_columns.sql:77
[narrow-type] ibl5/migrations/116_snake_case_player_columns.sql:77
[narrow-type] ibl5/migrations/116_snake_case_player_columns.sql:77
[narrow-type] ibl5/migrations/116_snake_case_player_columns.sql:77
[narrow-type] ibl5/migrations/116_snake_case_player_columns.sql:77
[narrow-type] ibl5/migrations/116_snake_case_player_columns.sql:98
[narrow-type] ibl5/migrations/116_snake_case_player_columns.sql:98
[narrow-type] ibl5/migrations/116_snake_case_player_columns.sql:98
[narrow-type] ibl5/migrations/116_snake_case_player_columns.sql:98
[narrow-type] ibl5/migrations/116_snake_case_player_columns.sql:98
[narrow-type] ibl5/migrations/116_snake_case_player_columns.sql:98
[narrow-type] ibl5/migrations/118_snake_case_standings_columns.sql:17
[narrow-type] ibl5/migrations/118_snake_case_standings_columns.sql:17
[narrow-type] ibl5/migrations/118_snake_case_standings_columns.sql:17
[narrow-type] ibl5/migrations/118_snake_case_standings_columns.sql:17
[narrow-type] ibl5/migrations/118_snake_case_standings_columns.sql:17
[narrow-type] ibl5/migrations/118_snake_case_standings_columns.sql:17
[narrow-type] ibl5/migrations/118_snake_case_standings_columns.sql:17
[narrow-type] ibl5/migrations/118_snake_case_standings_columns.sql:17
[narrow-type] ibl5/migrations/118_snake_case_standings_columns.sql:17
[narrow-type] ibl5/migrations/118_snake_case_standings_columns.sql:17
[narrow-type] ibl5/migrations/118_snake_case_standings_columns.sql:17
[narrow-type] ibl5/migrations/118_snake_case_standings_columns.sql:17
[narrow-type] ibl5/migrations/118_snake_case_standings_columns.sql:17
[narrow-type] ibl5/migrations/118_snake_case_standings_columns.sql:17
[narrow-type] ibl5/migrations/118_snake_case_standings_columns.sql:17
[narrow-type] ibl5/migrations/118_snake_case_standings_columns.sql:17
[narrow-type] ibl5/migrations/118_snake_case_standings_columns.sql:17
[narrow-type] ibl5/migrations/118_snake_case_standings_columns.sql:17
[narrow-type] ibl5/migrations/118_snake_case_standings_columns.sql:17
[narrow-type] ibl5/migrations/118_snake_case_standings_columns.sql:17
[narrow-type] ibl5/migrations/118_snake_case_standings_columns.sql:17
[narrow-type] ibl5/migrations/118_snake_case_standings_columns.sql:17
[narrow-type] ibl5/migrations/118_snake_case_standings_columns.sql:61
[narrow-type] ibl5/migrations/118_snake_case_standings_columns.sql:61
[narrow-type] ibl5/migrations/118_snake_case_standings_columns.sql:61
[narrow-type] ibl5/migrations/118_snake_case_standings_columns.sql:61
[narrow-type] ibl5/migrations/118_snake_case_standings_columns.sql:61
[narrow-type] ibl5/migrations/118_snake_case_standings_columns.sql:61
[narrow-type] ibl5/migrations/118_snake_case_standings_columns.sql:61
[narrow-type] ibl5/migrations/118_snake_case_standings_columns.sql:61
[narrow-type] ibl5/migrations/118_snake_case_standings_columns.sql:61
[narrow-type] ibl5/migrations/118_snake_case_standings_columns.sql:61
[narrow-type] ibl5/migrations/118_snake_case_standings_columns.sql:61
[narrow-type] ibl5/migrations/118_snake_case_standings_columns.sql:61
[narrow-type] ibl5/migrations/118_snake_case_standings_columns.sql:61
[narrow-type] ibl5/migrations/118_snake_case_standings_columns.sql:61
[narrow-type] ibl5/migrations/118_snake_case_standings_columns.sql:61
[narrow-type] ibl5/migrations/118_snake_case_standings_columns.sql:61
[narrow-type] ibl5/migrations/118_snake_case_standings_columns.sql:61
[narrow-type] ibl5/migrations/118_snake_case_standings_columns.sql:61
[narrow-type] ibl5/migrations/118_snake_case_standings_columns.sql:61
[narrow-type] ibl5/migrations/118_snake_case_standings_columns.sql:61
[narrow-type] ibl5/migrations/118_snake_case_standings_columns.sql:61
[narrow-type] ibl5/migrations/118_snake_case_standings_columns.sql:61
[narrow-type] ibl5/migrations/119_rename_cy1_cy6_to_salary_yr1_yr6.sql:27
[narrow-type] ibl5/migrations/119_rename_cy1_cy6_to_salary_yr1_yr6.sql:27
[narrow-type] ibl5/migrations/119_rename_cy1_cy6_to_salary_yr1_yr6.sql:27
[narrow-type] ibl5/migrations/119_rename_cy1_cy6_to_salary_yr1_yr6.sql:27
[narrow-type] ibl5/migrations/119_rename_cy1_cy6_to_salary_yr1_yr6.sql:27
[narrow-type] ibl5/migrations/119_rename_cy1_cy6_to_salary_yr1_yr6.sql:27
[narrow-type] ibl5/migrations/119_rename_cy1_cy6_to_salary_yr1_yr6.sql:36
[narrow-type] ibl5/migrations/119_rename_cy1_cy6_to_salary_yr1_yr6.sql:36
[narrow-type] ibl5/migrations/119_rename_cy1_cy6_to_salary_yr1_yr6.sql:36
[narrow-type] ibl5/migrations/119_rename_cy1_cy6_to_salary_yr1_yr6.sql:36
[narrow-type] ibl5/migrations/119_rename_cy1_cy6_to_salary_yr1_yr6.sql:36
[narrow-type] ibl5/migrations/119_rename_cy1_cy6_to_salary_yr1_yr6.sql:36
[narrow-type] ibl5/migrations/119_rename_cy1_cy6_to_salary_yr1_yr6.sql:45
[narrow-type] ibl5/migrations/119_rename_cy1_cy6_to_salary_yr1_yr6.sql:45
[narrow-type] ibl5/migrations/119_rename_cy1_cy6_to_salary_yr1_yr6.sql:45
[narrow-type] ibl5/migrations/119_rename_cy1_cy6_to_salary_yr1_yr6.sql:45
[narrow-type] ibl5/migrations/119_rename_cy1_cy6_to_salary_yr1_yr6.sql:45
[narrow-type] ibl5/migrations/119_rename_cy1_cy6_to_salary_yr1_yr6.sql:45
[narrow-type] ibl5/migrations/119_rename_cy1_cy6_to_salary_yr1_yr6.sql:54
[narrow-type] ibl5/migrations/119_rename_cy1_cy6_to_salary_yr1_yr6.sql:54
[narrow-type] ibl5/migrations/119_rename_cy1_cy6_to_salary_yr1_yr6.sql:54
[narrow-type] ibl5/migrations/119_rename_cy1_cy6_to_salary_yr1_yr6.sql:54
[narrow-type] ibl5/migrations/119_rename_cy1_cy6_to_salary_yr1_yr6.sql:54
[narrow-type] ibl5/migrations/119_rename_cy1_cy6_to_salary_yr1_yr6.sql:54
[narrow-type] ibl5/migrations/119_rename_cy1_cy6_to_salary_yr1_yr6.sql:63
[narrow-type] ibl5/migrations/119_rename_cy1_cy6_to_salary_yr1_yr6.sql:63
[narrow-type] ibl5/migrations/119_rename_cy1_cy6_to_salary_yr1_yr6.sql:63
[narrow-type] ibl5/migrations/119_rename_cy1_cy6_to_salary_yr1_yr6.sql:63
[narrow-type] ibl5/migrations/119_rename_cy1_cy6_to_salary_yr1_yr6.sql:63
[narrow-type] ibl5/migrations/119_rename_cy1_cy6_to_salary_yr1_yr6.sql:63
[narrow-type] ibl5/migrations/119_rename_cy1_cy6_to_salary_yr1_yr6.sql:72
[narrow-type] ibl5/migrations/119_rename_cy1_cy6_to_salary_yr1_yr6.sql:72
[narrow-type] ibl5/migrations/119_rename_cy1_cy6_to_salary_yr1_yr6.sql:72
[narrow-type] ibl5/migrations/119_rename_cy1_cy6_to_salary_yr1_yr6.sql:72
[narrow-type] ibl5/migrations/119_rename_cy1_cy6_to_salary_yr1_yr6.sql:72
[narrow-type] ibl5/migrations/119_rename_cy1_cy6_to_salary_yr1_yr6.sql:72
[narrow-type] ibl5/migrations/120_misc_snake_case_cleanup.sql:83
[narrow-type] ibl5/migrations/120_misc_snake_case_cleanup.sql:83
[narrow-type] ibl5/migrations/120_misc_snake_case_cleanup.sql:89
[narrow-type] ibl5/migrations/120_misc_snake_case_cleanup.sql:9
[narrow-type] ibl5/migrations/120_misc_snake_case_cleanup.sql:9
[narrow-type] ibl5/migrations/120_misc_snake_case_cleanup.sql:9
[narrow-type] ibl5/migrations/121_snake_case_boxscore_and_schedule_columns.sql:115
[narrow-type] ibl5/migrations/121_snake_case_boxscore_and_schedule_columns.sql:115
[narrow-type] ibl5/migrations/121_snake_case_boxscore_and_schedule_columns.sql:115
[narrow-type] ibl5/migrations/121_snake_case_boxscore_and_schedule_columns.sql:115
[narrow-type] ibl5/migrations/121_snake_case_boxscore_and_schedule_columns.sql:115
[narrow-type] ibl5/migrations/121_snake_case_boxscore_and_schedule_columns.sql:115
[narrow-type] ibl5/migrations/121_snake_case_boxscore_and_schedule_columns.sql:115
[narrow-type] ibl5/migrations/121_snake_case_boxscore_and_schedule_columns.sql:115
[narrow-type] ibl5/migrations/121_snake_case_boxscore_and_schedule_columns.sql:115
[narrow-type] ibl5/migrations/121_snake_case_boxscore_and_schedule_columns.sql:115
[narrow-type] ibl5/migrations/121_snake_case_boxscore_and_schedule_columns.sql:115
[narrow-type] ibl5/migrations/121_snake_case_boxscore_and_schedule_columns.sql:115
[narrow-type] ibl5/migrations/121_snake_case_boxscore_and_schedule_columns.sql:115
[narrow-type] ibl5/migrations/121_snake_case_boxscore_and_schedule_columns.sql:115
[narrow-type] ibl5/migrations/121_snake_case_boxscore_and_schedule_columns.sql:115
[narrow-type] ibl5/migrations/121_snake_case_boxscore_and_schedule_columns.sql:115
[narrow-type] ibl5/migrations/121_snake_case_boxscore_and_schedule_columns.sql:115
[narrow-type] ibl5/migrations/121_snake_case_boxscore_and_schedule_columns.sql:115
[narrow-type] ibl5/migrations/121_snake_case_boxscore_and_schedule_columns.sql:115
[narrow-type] ibl5/migrations/121_snake_case_boxscore_and_schedule_columns.sql:115
[narrow-type] ibl5/migrations/121_snake_case_boxscore_and_schedule_columns.sql:184
[narrow-type] ibl5/migrations/121_snake_case_boxscore_and_schedule_columns.sql:184
[narrow-type] ibl5/migrations/121_snake_case_boxscore_and_schedule_columns.sql:184
[narrow-type] ibl5/migrations/121_snake_case_boxscore_and_schedule_columns.sql:184
[narrow-type] ibl5/migrations/121_snake_case_boxscore_and_schedule_columns.sql:184
[narrow-type] ibl5/migrations/121_snake_case_boxscore_and_schedule_columns.sql:184
[narrow-type] ibl5/migrations/121_snake_case_boxscore_and_schedule_columns.sql:184
[narrow-type] ibl5/migrations/121_snake_case_boxscore_and_schedule_columns.sql:184
[narrow-type] ibl5/migrations/121_snake_case_boxscore_and_schedule_columns.sql:184
[narrow-type] ibl5/migrations/121_snake_case_boxscore_and_schedule_columns.sql:184
[narrow-type] ibl5/migrations/121_snake_case_boxscore_and_schedule_columns.sql:184
[narrow-type] ibl5/migrations/121_snake_case_boxscore_and_schedule_columns.sql:184
[narrow-type] ibl5/migrations/121_snake_case_boxscore_and_schedule_columns.sql:184
[narrow-type] ibl5/migrations/121_snake_case_boxscore_and_schedule_columns.sql:184
[narrow-type] ibl5/migrations/121_snake_case_boxscore_and_schedule_columns.sql:184
[narrow-type] ibl5/migrations/121_snake_case_boxscore_and_schedule_columns.sql:184
[narrow-type] ibl5/migrations/121_snake_case_boxscore_and_schedule_columns.sql:184
[narrow-type] ibl5/migrations/121_snake_case_boxscore_and_schedule_columns.sql:184
[narrow-type] ibl5/migrations/121_snake_case_boxscore_and_schedule_columns.sql:184
[narrow-type] ibl5/migrations/121_snake_case_boxscore_and_schedule_columns.sql:184
[narrow-type] ibl5/migrations/121_snake_case_boxscore_and_schedule_columns.sql:184
[narrow-type] ibl5/migrations/121_snake_case_boxscore_and_schedule_columns.sql:184
[narrow-type] ibl5/migrations/121_snake_case_boxscore_and_schedule_columns.sql:184
[narrow-type] ibl5/migrations/121_snake_case_boxscore_and_schedule_columns.sql:184
[narrow-type] ibl5/migrations/121_snake_case_boxscore_and_schedule_columns.sql:184
[narrow-type] ibl5/migrations/121_snake_case_boxscore_and_schedule_columns.sql:184
[narrow-type] ibl5/migrations/121_snake_case_boxscore_and_schedule_columns.sql:184
[narrow-type] ibl5/migrations/121_snake_case_boxscore_and_schedule_columns.sql:184
[narrow-type] ibl5/migrations/121_snake_case_boxscore_and_schedule_columns.sql:184
[narrow-type] ibl5/migrations/121_snake_case_boxscore_and_schedule_columns.sql:184
[narrow-type] ibl5/migrations/121_snake_case_boxscore_and_schedule_columns.sql:259
[narrow-type] ibl5/migrations/121_snake_case_boxscore_and_schedule_columns.sql:259
[narrow-type] ibl5/migrations/121_snake_case_boxscore_and_schedule_columns.sql:259
[narrow-type] ibl5/migrations/121_snake_case_boxscore_and_schedule_columns.sql:259
[narrow-type] ibl5/migrations/121_snake_case_boxscore_and_schedule_columns.sql:259
[narrow-type] ibl5/migrations/121_snake_case_boxscore_and_schedule_columns.sql:259
[narrow-type] ibl5/migrations/121_snake_case_boxscore_and_schedule_columns.sql:259
[narrow-type] ibl5/migrations/121_snake_case_boxscore_and_schedule_columns.sql:259
[narrow-type] ibl5/migrations/121_snake_case_boxscore_and_schedule_columns.sql:259
[narrow-type] ibl5/migrations/121_snake_case_boxscore_and_schedule_columns.sql:259
[narrow-type] ibl5/migrations/121_snake_case_boxscore_and_schedule_columns.sql:259
[narrow-type] ibl5/migrations/121_snake_case_boxscore_and_schedule_columns.sql:259
[narrow-type] ibl5/migrations/121_snake_case_boxscore_and_schedule_columns.sql:259
[narrow-type] ibl5/migrations/121_snake_case_boxscore_and_schedule_columns.sql:259
[narrow-type] ibl5/migrations/121_snake_case_boxscore_and_schedule_columns.sql:259
[narrow-type] ibl5/migrations/121_snake_case_boxscore_and_schedule_columns.sql:259
[narrow-type] ibl5/migrations/121_snake_case_boxscore_and_schedule_columns.sql:259
[narrow-type] ibl5/migrations/121_snake_case_boxscore_and_schedule_columns.sql:259
[narrow-type] ibl5/migrations/121_snake_case_boxscore_and_schedule_columns.sql:259
[narrow-type] ibl5/migrations/121_snake_case_boxscore_and_schedule_columns.sql:259
[narrow-type] ibl5/migrations/121_snake_case_boxscore_and_schedule_columns.sql:259
[narrow-type] ibl5/migrations/121_snake_case_boxscore_and_schedule_columns.sql:259
[narrow-type] ibl5/migrations/121_snake_case_boxscore_and_schedule_columns.sql:259
[narrow-type] ibl5/migrations/121_snake_case_boxscore_and_schedule_columns.sql:259
[narrow-type] ibl5/migrations/121_snake_case_boxscore_and_schedule_columns.sql:259
[narrow-type] ibl5/migrations/121_snake_case_boxscore_and_schedule_columns.sql:259
[narrow-type] ibl5/migrations/121_snake_case_boxscore_and_schedule_columns.sql:259
[narrow-type] ibl5/migrations/121_snake_case_boxscore_and_schedule_columns.sql:259
[narrow-type] ibl5/migrations/121_snake_case_boxscore_and_schedule_columns.sql:259
[narrow-type] ibl5/migrations/121_snake_case_boxscore_and_schedule_columns.sql:259
[narrow-type] ibl5/migrations/121_snake_case_boxscore_and_schedule_columns.sql:317
[narrow-type] ibl5/migrations/121_snake_case_boxscore_and_schedule_columns.sql:317
[narrow-type] ibl5/migrations/121_snake_case_boxscore_and_schedule_columns.sql:317
[narrow-type] ibl5/migrations/121_snake_case_boxscore_and_schedule_columns.sql:317
[narrow-type] ibl5/migrations/121_snake_case_boxscore_and_schedule_columns.sql:317
[narrow-type] ibl5/migrations/121_snake_case_boxscore_and_schedule_columns.sql:317
[narrow-type] ibl5/migrations/121_snake_case_boxscore_and_schedule_columns.sql:317
[narrow-type] ibl5/migrations/121_snake_case_boxscore_and_schedule_columns.sql:317
[narrow-type] ibl5/migrations/121_snake_case_boxscore_and_schedule_columns.sql:341
[narrow-type] ibl5/migrations/121_snake_case_boxscore_and_schedule_columns.sql:341
[narrow-type] ibl5/migrations/121_snake_case_boxscore_and_schedule_columns.sql:341
[narrow-type] ibl5/migrations/121_snake_case_boxscore_and_schedule_columns.sql:341
[narrow-type] ibl5/migrations/121_snake_case_boxscore_and_schedule_columns.sql:341
[narrow-type] ibl5/migrations/121_snake_case_boxscore_and_schedule_columns.sql:341
[narrow-type] ibl5/migrations/121_snake_case_boxscore_and_schedule_columns.sql:341
[narrow-type] ibl5/migrations/121_snake_case_boxscore_and_schedule_columns.sql:341
[narrow-type] ibl5/migrations/121_snake_case_boxscore_and_schedule_columns.sql:45
[narrow-type] ibl5/migrations/121_snake_case_boxscore_and_schedule_columns.sql:45
[narrow-type] ibl5/migrations/121_snake_case_boxscore_and_schedule_columns.sql:45
[narrow-type] ibl5/migrations/121_snake_case_boxscore_and_schedule_columns.sql:45
[narrow-type] ibl5/migrations/121_snake_case_boxscore_and_schedule_columns.sql:45
[narrow-type] ibl5/migrations/121_snake_case_boxscore_and_schedule_columns.sql:45
[narrow-type] ibl5/migrations/121_snake_case_boxscore_and_schedule_columns.sql:45
[narrow-type] ibl5/migrations/121_snake_case_boxscore_and_schedule_columns.sql:45
[narrow-type] ibl5/migrations/121_snake_case_boxscore_and_schedule_columns.sql:45
[narrow-type] ibl5/migrations/121_snake_case_boxscore_and_schedule_columns.sql:45
[narrow-type] ibl5/migrations/121_snake_case_boxscore_and_schedule_columns.sql:45
[narrow-type] ibl5/migrations/121_snake_case_boxscore_and_schedule_columns.sql:45
[narrow-type] ibl5/migrations/121_snake_case_boxscore_and_schedule_columns.sql:45
[narrow-type] ibl5/migrations/121_snake_case_boxscore_and_schedule_columns.sql:45
[narrow-type] ibl5/migrations/121_snake_case_boxscore_and_schedule_columns.sql:45
[narrow-type] ibl5/migrations/121_snake_case_boxscore_and_schedule_columns.sql:45
[narrow-type] ibl5/migrations/121_snake_case_boxscore_and_schedule_columns.sql:45
[narrow-type] ibl5/migrations/121_snake_case_boxscore_and_schedule_columns.sql:45
[narrow-type] ibl5/migrations/121_snake_case_boxscore_and_schedule_columns.sql:45
[narrow-type] ibl5/migrations/121_snake_case_boxscore_and_schedule_columns.sql:45
[narrow-type] ibl5/migrations/128_unify_career_stat_column_names.sql:14
[narrow-type] ibl5/migrations/128_unify_career_stat_column_names.sql:14
[narrow-type] ibl5/migrations/128_unify_career_stat_column_names.sql:14
[narrow-type] ibl5/migrations/128_unify_career_stat_column_names.sql:22
[narrow-type] ibl5/migrations/128_unify_career_stat_column_names.sql:22
[narrow-type] ibl5/migrations/128_unify_career_stat_column_names.sql:22
[narrow-type] ibl5/migrations/128_unify_career_stat_column_names.sql:30
[narrow-type] ibl5/migrations/128_unify_career_stat_column_names.sql:30
[narrow-type] ibl5/migrations/128_unify_career_stat_column_names.sql:30
[rename-column] ibl5/migrations/058_rename_active_to_on_depth_chart.sql:7
[rename-column] ibl5/migrations/059_rename_trade_info_from_to.sql:6
[rename-column] ibl5/migrations/059_rename_trade_info_from_to.sql:7
[rename-column] ibl5/migrations/062_rename_dc_active_to_dc_canPlayInGame.sql:6
[rename-column] ibl5/migrations/062_rename_dc_active_to_dc_canPlayInGame.sql:80
[rename-column] ibl5/migrations/062_rename_dc_active_to_dc_canPlayInGame.sql:84
[rename-column] ibl5/migrations/062_rename_dc_active_to_dc_canPlayInGame.sql:87
[rename-column] ibl5/migrations/069_fix_missing_dc_canPlayInGame.sql:8
[rename-column] ibl5/migrations/099_rename_gm_display_name.sql:7
[rename-column] ibl5/migrations/113_rename_reserved_word_rating_columns.sql:40
[rename-column] ibl5/migrations/113_rename_reserved_word_rating_columns.sql:49
[rename-column] ibl5/migrations/113_rename_reserved_word_rating_columns.sql:58
[rename-column] ibl5/migrations/113_rename_reserved_word_rating_columns.sql:67
[rename-column] ibl5/migrations/113_rename_reserved_word_rating_columns.sql:78
[rename-column] ibl5/migrations/113_rename_reserved_word_rating_columns.sql:85
[rename-column] ibl5/migrations/113_rename_reserved_word_rating_columns.sql:93
[rename-column] ibl5/migrations/114_unify_cross_table_column_names.sql:107
[rename-column] ibl5/migrations/114_unify_cross_table_column_names.sql:111
[rename-column] ibl5/migrations/114_unify_cross_table_column_names.sql:115
[rename-column] ibl5/migrations/114_unify_cross_table_column_names.sql:119
[rename-column] ibl5/migrations/114_unify_cross_table_column_names.sql:125
[rename-column] ibl5/migrations/114_unify_cross_table_column_names.sql:141
[rename-column] ibl5/migrations/114_unify_cross_table_column_names.sql:148
[rename-column] ibl5/migrations/114_unify_cross_table_column_names.sql:155
[rename-column] ibl5/migrations/114_unify_cross_table_column_names.sql:162
[rename-column] ibl5/migrations/114_unify_cross_table_column_names.sql:170
[rename-column] ibl5/migrations/114_unify_cross_table_column_names.sql:177
[rename-column] ibl5/migrations/114_unify_cross_table_column_names.sql:185
[rename-column] ibl5/migrations/114_unify_cross_table_column_names.sql:195
[rename-column] ibl5/migrations/114_unify_cross_table_column_names.sql:205
[rename-column] ibl5/migrations/114_unify_cross_table_column_names.sql:215
[rename-column] ibl5/migrations/114_unify_cross_table_column_names.sql:227
[rename-column] ibl5/migrations/114_unify_cross_table_column_names.sql:53
[rename-column] ibl5/migrations/114_unify_cross_table_column_names.sql:56
[rename-column] ibl5/migrations/114_unify_cross_table_column_names.sql:59
[rename-column] ibl5/migrations/114_unify_cross_table_column_names.sql:66
[rename-column] ibl5/migrations/114_unify_cross_table_column_names.sql:70
[rename-column] ibl5/migrations/114_unify_cross_table_column_names.sql:74
[rename-column] ibl5/migrations/114_unify_cross_table_column_names.sql:78
[rename-column] ibl5/migrations/114_unify_cross_table_column_names.sql:96
[rename-column] ibl5/migrations/114_unify_cross_table_column_names.sql:99
[rename-column] ibl5/migrations/116_snake_case_player_columns.sql:110
[rename-column] ibl5/migrations/116_snake_case_player_columns.sql:122
[rename-column] ibl5/migrations/116_snake_case_player_columns.sql:130
[rename-column] ibl5/migrations/116_snake_case_player_columns.sql:133
[rename-column] ibl5/migrations/116_snake_case_player_columns.sql:43
[rename-column] ibl5/migrations/116_snake_case_player_columns.sql:64
[rename-column] ibl5/migrations/116_snake_case_player_columns.sql:77
[rename-column] ibl5/migrations/116_snake_case_player_columns.sql:98
[rename-column] ibl5/migrations/117_snake_case_team_info_columns.sql:14
[rename-column] ibl5/migrations/117_snake_case_team_info_columns.sql:35
[rename-column] ibl5/migrations/118_snake_case_standings_columns.sql:17
[rename-column] ibl5/migrations/118_snake_case_standings_columns.sql:61
[rename-column] ibl5/migrations/119_rename_cy1_cy6_to_salary_yr1_yr6.sql:27
[rename-column] ibl5/migrations/119_rename_cy1_cy6_to_salary_yr1_yr6.sql:36
[rename-column] ibl5/migrations/119_rename_cy1_cy6_to_salary_yr1_yr6.sql:45
[rename-column] ibl5/migrations/119_rename_cy1_cy6_to_salary_yr1_yr6.sql:54
[rename-column] ibl5/migrations/119_rename_cy1_cy6_to_salary_yr1_yr6.sql:63
[rename-column] ibl5/migrations/119_rename_cy1_cy6_to_salary_yr1_yr6.sql:72
[rename-column] ibl5/migrations/120_misc_snake_case_cleanup.sql:83
[rename-column] ibl5/migrations/120_misc_snake_case_cleanup.sql:89
[rename-column] ibl5/migrations/120_misc_snake_case_cleanup.sql:9
[rename-column] ibl5/migrations/121_snake_case_boxscore_and_schedule_columns.sql:115
[rename-column] ibl5/migrations/121_snake_case_boxscore_and_schedule_columns.sql:184
[rename-column] ibl5/migrations/121_snake_case_boxscore_and_schedule_columns.sql:259
[rename-column] ibl5/migrations/121_snake_case_boxscore_and_schedule_columns.sql:317
[rename-column] ibl5/migrations/121_snake_case_boxscore_and_schedule_columns.sql:341
[rename-column] ibl5/migrations/121_snake_case_boxscore_and_schedule_columns.sql:45
[rename-column] ibl5/migrations/128_unify_career_stat_column_names.sql:14
[rename-column] ibl5/migrations/128_unify_career_stat_column_names.sql:22
[rename-column] ibl5/migrations/128_unify_career_stat_column_names.sql:30
[rename-column] ibl5/migrations/130_olympics_schema_parity.sql:23
[rename-column] ibl5/migrations/130_olympics_schema_parity.sql:25
[rename-table] ibl5/migrations/088_replace_ibl_hist_with_view.sql:32
[tighten-not-null] ibl5/migrations/003_api_preparation.sql:90
[tighten-not-null] ibl5/migrations/003_api_preparation.sql:91
[tighten-not-null] ibl5/migrations/003_api_preparation.sql:92
[tighten-not-null] ibl5/migrations/003_api_preparation.sql:93
[tighten-not-null] ibl5/migrations/003_api_preparation.sql:94
[tighten-not-null] ibl5/migrations/004_data_type_refinements.sql:291
[tighten-not-null] ibl5/migrations/034_add_column_comments.sql:147
[tighten-not-null] ibl5/migrations/034_add_column_comments.sql:148
[tighten-not-null] ibl5/migrations/034_add_column_comments.sql:149
[tighten-not-null] ibl5/migrations/034_add_column_comments.sql:150
[tighten-not-null] ibl5/migrations/034_add_column_comments.sql:151
[tighten-not-null] ibl5/migrations/034_add_column_comments.sql:163
[tighten-not-null] ibl5/migrations/034_add_column_comments.sql:164
[tighten-not-null] ibl5/migrations/034_add_column_comments.sql:165
[tighten-not-null] ibl5/migrations/034_add_column_comments.sql:166
[tighten-not-null] ibl5/migrations/034_add_column_comments.sql:171
[tighten-not-null] ibl5/migrations/034_add_column_comments.sql:172
[tighten-not-null] ibl5/migrations/034_add_column_comments.sql:173
[tighten-not-null] ibl5/migrations/034_add_column_comments.sql:19
[tighten-not-null] ibl5/migrations/034_add_column_comments.sql:210
[tighten-not-null] ibl5/migrations/034_add_column_comments.sql:211
[tighten-not-null] ibl5/migrations/034_add_column_comments.sql:212
[tighten-not-null] ibl5/migrations/034_add_column_comments.sql:213
[tighten-not-null] ibl5/migrations/034_add_column_comments.sql:214
[tighten-not-null] ibl5/migrations/034_add_column_comments.sql:215
[tighten-not-null] ibl5/migrations/034_add_column_comments.sql:216
[tighten-not-null] ibl5/migrations/034_add_column_comments.sql:217
[tighten-not-null] ibl5/migrations/034_add_column_comments.sql:218
[tighten-not-null] ibl5/migrations/034_add_column_comments.sql:219
[tighten-not-null] ibl5/migrations/034_add_column_comments.sql:220
[tighten-not-null] ibl5/migrations/034_add_column_comments.sql:229
[tighten-not-null] ibl5/migrations/034_add_column_comments.sql:230
[tighten-not-null] ibl5/migrations/034_add_column_comments.sql:232
[tighten-not-null] ibl5/migrations/034_add_column_comments.sql:233
[tighten-not-null] ibl5/migrations/034_add_column_comments.sql:235
[tighten-not-null] ibl5/migrations/034_add_column_comments.sql:236
[tighten-not-null] ibl5/migrations/034_add_column_comments.sql:277
[tighten-not-null] ibl5/migrations/034_add_column_comments.sql:278
[tighten-not-null] ibl5/migrations/034_add_column_comments.sql:280
[tighten-not-null] ibl5/migrations/034_add_column_comments.sql:314
[tighten-not-null] ibl5/migrations/034_add_column_comments.sql:373
[tighten-not-null] ibl5/migrations/034_add_column_comments.sql:374
[tighten-not-null] ibl5/migrations/034_add_column_comments.sql:376
[tighten-not-null] ibl5/migrations/034_add_column_comments.sql:385
[tighten-not-null] ibl5/migrations/034_add_column_comments.sql:386
[tighten-not-null] ibl5/migrations/034_add_column_comments.sql:40
[tighten-not-null] ibl5/migrations/034_add_column_comments.sql:404
[tighten-not-null] ibl5/migrations/034_add_column_comments.sql:405
[tighten-not-null] ibl5/migrations/034_add_column_comments.sql:406
[tighten-not-null] ibl5/migrations/034_add_column_comments.sql:414
[tighten-not-null] ibl5/migrations/034_add_column_comments.sql:421
[tighten-not-null] ibl5/migrations/034_add_column_comments.sql:422
[tighten-not-null] ibl5/migrations/034_add_column_comments.sql:433
[tighten-not-null] ibl5/migrations/034_add_column_comments.sql:454
[tighten-not-null] ibl5/migrations/034_add_column_comments.sql:455
[tighten-not-null] ibl5/migrations/034_add_column_comments.sql:488
[tighten-not-null] ibl5/migrations/034_add_column_comments.sql:53
[tighten-not-null] ibl5/migrations/043_align_olympics_schemas.sql:111
[tighten-not-null] ibl5/migrations/056_team_awards_auto_increment_unique_key.sql:4
[tighten-not-null] ibl5/migrations/120_misc_snake_case_cleanup.sql:21
[tighten-not-null] ibl5/migrations/120_misc_snake_case_cleanup.sql:25
[tighten-not-null] ibl5/migrations/120_misc_snake_case_cleanup.sql:29
[tighten-not-null] ibl5/migrations/120_misc_snake_case_cleanup.sql:32
[tighten-not-null] ibl5/migrations/120_misc_snake_case_cleanup.sql:36
[tighten-not-null] ibl5/migrations/120_misc_snake_case_cleanup.sql:79
[tighten-not-null] ibl5/migrations/137_document_gm_history_name.sql:26
[update-no-where] ibl5/migrations/009_schema_optimization_audit.sql:217
[update-no-where] ibl5/migrations/038_demands_olympics_pid_fk.sql:11
[update-no-where] ibl5/migrations/038_demands_olympics_pid_fk.sql:5
[update-no-where] ibl5/migrations/039_fa_offers_pid_tid_fk.sql:12
[update-no-where] ibl5/migrations/039_fa_offers_pid_tid_fk.sql:5
[update-no-where] ibl5/migrations/040_draft_picks_tid_fk.sql:29
[update-no-where] ibl5/migrations/040_draft_picks_tid_fk.sql:33
[update-no-where] ibl5/migrations/040_draft_picks_tid_fk.sql:9
[update-no-where] ibl5/migrations/090_fix_hist_archive_year_convention.sql:15
[update-no-where] ibl5/migrations/106_fix_jsb_season_year_to_ending_year.sql:13
[update-no-where] ibl5/migrations/106_fix_jsb_season_year_to_ending_year.sql:23
[update-no-where] ibl5/migrations/106_fix_jsb_season_year_to_ending_year.sql:9
