# v1 engine from master 40e28d5c1cd7a245d2308ff91f3b429877884944, all .sql staged in a scratch repo, bash <v1> --staged
add-not-null-no-default ibl5/migrations/007_trade_queue_structured_data.sql
add-not-null-no-default ibl5/migrations/009_schema_optimization_audit.sql
add-not-null-no-default ibl5/migrations/043_align_olympics_schemas.sql
add-not-null-no-default ibl5/migrations/045_align_olympics_schemas.sql
drop-column ibl5/migrations/009_schema_optimization_audit.sql
drop-column ibl5/migrations/016_drop_formerly_known_as.sql
drop-column ibl5/migrations/035_drop_dead_tables.sql
drop-column ibl5/migrations/041_normalize_plr_teamname.sql
drop-column ibl5/migrations/060_fix_trade_queue_schema.sql
drop-column ibl5/migrations/062_rename_dc_active_to_dc_canPlayInGame.sql
drop-index ibl5/migrations/009_schema_optimization_audit.sql
drop-index ibl5/migrations/041_normalize_plr_teamname.sql
drop-index ibl5/migrations/043_align_olympics_schemas.sql
drop-index ibl5/migrations/058_rename_active_to_on_depth_chart.sql
drop-index ibl5/migrations/059_rename_trade_info_from_to.sql
drop-index ibl5/migrations/087_add_retirement_year_to_jsb_retired_players.sql
drop-index ibl5/migrations/141_slow_query_hotspot_indexes.sql
drop-table ibl5/migrations/027_win_loss_views.sql
drop-table ibl5/migrations/028_replace_stats_tables_with_views.sql
drop-table ibl5/migrations/029_replace_autocounter_with_trade_offers.sql
drop-table ibl5/migrations/030_drop_team_history.sql
drop-table ibl5/migrations/035_drop_dead_tables.sql
drop-table ibl5/migrations/050_drop_legacy_nuke_tables.sql
drop-table ibl5/migrations/051_drop_remaining_nuke_tables.sql
drop-table ibl5/migrations/052_drop_nuke_referer.sql
drop-table ibl5/migrations/070_drop_nuke_session.sql
drop-table ibl5/migrations/071_drop_dead_nuke_tables.sql
drop-table ibl5/migrations/072_drop_ipban_tables.sql
drop-table ibl5/migrations/073_drop_nuke_comments.sql
drop-table ibl5/migrations/074_drop_nuke_modules.sql
drop-table ibl5/migrations/088_replace_ibl_hist_with_view.sql
drop-table ibl5/migrations/102_drop_nuke_users.sql
drop-table ibl5/migrations/108_drop_ibl_hist_archive.sql
drop-table ibl5/migrations/126_drop_analytics_tables.sql
rename-column ibl5/migrations/058_rename_active_to_on_depth_chart.sql
rename-column ibl5/migrations/059_rename_trade_info_from_to.sql
rename-column ibl5/migrations/062_rename_dc_active_to_dc_canPlayInGame.sql
rename-column ibl5/migrations/069_fix_missing_dc_canPlayInGame.sql
rename-column ibl5/migrations/099_rename_gm_display_name.sql
rename-column ibl5/migrations/114_unify_cross_table_column_names.sql
rename-column ibl5/migrations/116_snake_case_player_columns.sql
rename-column ibl5/migrations/118_snake_case_standings_columns.sql
rename-column ibl5/migrations/119_rename_cy1_cy6_to_salary_yr1_yr6.sql
rename-column ibl5/migrations/120_misc_snake_case_cleanup.sql
rename-column ibl5/migrations/121_snake_case_boxscore_and_schedule_columns.sql
rename-column ibl5/migrations/128_unify_career_stat_column_names.sql
rename-table ibl5/migrations/088_replace_ibl_hist_with_view.sql
tighten-not-null ibl5/migrations/003_api_preparation.sql
tighten-not-null ibl5/migrations/004_data_type_refinements.sql
tighten-not-null ibl5/migrations/034_add_column_comments.sql
tighten-not-null ibl5/migrations/043_align_olympics_schemas.sql
tighten-not-null ibl5/migrations/056_team_awards_auto_increment_unique_key.sql
tighten-not-null ibl5/migrations/120_misc_snake_case_cleanup.sql
tighten-not-null ibl5/migrations/137_document_gm_history_name.sql
